com\AliGrp\Journal\controller\UserController.class
com\AliGrp\Journal\service\HomeAboutService.class
com\AliGrp\Journal\controller\HomeController.class
com\AliGrp\Journal\repository\HomeFeaturesRepostiory.class
com\AliGrp\Journal\repository\HomeHeroRepository.class
com\AliGrp\Journal\service\JournalEntryService.class
com\AliGrp\Journal\entity\HomeFeatures$Features.class
com\AliGrp\Journal\entity\HomeTestimonialEntry.class
com\AliGrp\Journal\service\HomeHeroService.class
com\AliGrp\Journal\repository\UserRepository.class
com\AliGrp\Journal\repository\JournalEntryRepository.class
com\AliGrp\Journal\entity\JournalEntry.class
com\AliGrp\Journal\entity\HomeHeroEntry.class
com\AliGrp\Journal\service\HomeTestService.class
com\AliGrp\Journal\service\UserService.class
com\AliGrp\Journal\service\UserDetailsServiceImol.class
com\AliGrp\Journal\repository\HomeTestRep.class
com\AliGrp\Journal\service\HomeFeaturesService.class
com\AliGrp\Journal\controller\AdminController.class
com\AliGrp\Journal\controller\JournalEntryController.class
com\AliGrp\Journal\entity\User.class
com\AliGrp\Journal\entity\HomeHeroEntry$Company.class
com\AliGrp\Journal\entity\HomeAbout.class
com\AliGrp\Journal\entity\HomeTestimonialEntry$Testimonials.class
com\AliGrp\Journal\entity\HomeFeatures.class
com\AliGrp\Journal\config\SpringSecurity.class
com\AliGrp\Journal\controller\PublicController.class
com\AliGrp\Journal\config\WebSecurityConfigurerAdapter.class
com\AliGrp\Journal\JournalApplication.class
com\AliGrp\Journal\repository\HomeAboutRepository.class
