C:\Users\SS COMP\Desktop\Journal\src\main\java\com\AliGrp\Journal\config\SpringSecurity.java
C:\Users\SS COMP\Desktop\Journal\src\main\java\com\AliGrp\Journal\config\WebSecurityConfigurerAdapter.java
C:\Users\SS COMP\Desktop\Journal\src\main\java\com\AliGrp\Journal\controller\AdminController.java
C:\Users\SS COMP\Desktop\Journal\src\main\java\com\AliGrp\Journal\controller\HomeController.java
C:\Users\SS COMP\Desktop\Journal\src\main\java\com\AliGrp\Journal\controller\JournalEntryController.java
C:\Users\SS COMP\Desktop\Journal\src\main\java\com\AliGrp\Journal\controller\PublicController.java
C:\Users\SS COMP\Desktop\Journal\src\main\java\com\AliGrp\Journal\controller\UserController.java
C:\Users\SS COMP\Desktop\Journal\src\main\java\com\AliGrp\Journal\entity\HomeAbout.java
C:\Users\SS COMP\Desktop\Journal\src\main\java\com\AliGrp\Journal\entity\HomeFeatures.java
C:\Users\SS COMP\Desktop\Journal\src\main\java\com\AliGrp\Journal\entity\HomeHeroEntry.java
C:\Users\SS COMP\Desktop\Journal\src\main\java\com\AliGrp\Journal\entity\HomeTestimonialEntry.java
C:\Users\SS COMP\Desktop\Journal\src\main\java\com\AliGrp\Journal\entity\JournalEntry.java
C:\Users\SS COMP\Desktop\Journal\src\main\java\com\AliGrp\Journal\entity\User.java
C:\Users\SS COMP\Desktop\Journal\src\main\java\com\AliGrp\Journal\JournalApplication.java
C:\Users\SS COMP\Desktop\Journal\src\main\java\com\AliGrp\Journal\repository\HomeAboutRepository.java
C:\Users\SS COMP\Desktop\Journal\src\main\java\com\AliGrp\Journal\repository\HomeFeaturesRepostiory.java
C:\Users\SS COMP\Desktop\Journal\src\main\java\com\AliGrp\Journal\repository\HomeHeroRepository.java
C:\Users\SS COMP\Desktop\Journal\src\main\java\com\AliGrp\Journal\repository\HomeTestRep.java
C:\Users\SS COMP\Desktop\Journal\src\main\java\com\AliGrp\Journal\repository\JournalEntryRepository.java
C:\Users\SS COMP\Desktop\Journal\src\main\java\com\AliGrp\Journal\repository\UserRepository.java
C:\Users\SS COMP\Desktop\Journal\src\main\java\com\AliGrp\Journal\service\HomeAboutService.java
C:\Users\SS COMP\Desktop\Journal\src\main\java\com\AliGrp\Journal\service\HomeFeaturesService.java
C:\Users\SS COMP\Desktop\Journal\src\main\java\com\AliGrp\Journal\service\HomeHeroService.java
C:\Users\SS COMP\Desktop\Journal\src\main\java\com\AliGrp\Journal\service\HomeTestService.java
C:\Users\SS COMP\Desktop\Journal\src\main\java\com\AliGrp\Journal\service\JournalEntryService.java
C:\Users\SS COMP\Desktop\Journal\src\main\java\com\AliGrp\Journal\service\UserDetailsServiceImol.java
C:\Users\SS COMP\Desktop\Journal\src\main\java\com\AliGrp\Journal\service\UserService.java
